main.c:145:6:effectfunc	48	static
main.c:229:6:tremolo	48	static
main.c:257:6:clean	16	static
main.c:283:6:distortion_exp	56	static
main.c:331:6:delay	16	static
main.c:392:5:sgn_func	16	static
main.c:395:5:factorial_func	16	static
main.c:408:5:main	8	static
main.c:481:6:SystemClock_Config	312	static
main.c:561:13:MX_ADC1_Init	48	static
main.c:626:13:MX_DAC1_Init	48	static
main.c:667:13:MX_ETH_Init	8	static
main.c:713:13:MX_TIM1_Init	40	static
main.c:760:13:MX_USART3_UART_Init	8	static
main.c:808:13:MX_USB_OTG_FS_PCD_Init	8	static
main.c:842:13:MX_DMA_Init	16	static
main.c:866:13:MX_GPIO_Init	56	static
main.c:930:5:Serial_Scanf	24	static
main.c:960:1:__io_putchar	16	static
main.c:971:1:__io_getchar	16	static
main.c:987:6:Menu	80	static
main.c:1115:6:HAL_GPIO_EXTI_Callback	16	static
main.c:1124:6:HAL_DAC_ConvCpltCallbackCh1	16	static
main.c:1129:6:HAL_DAC_ConvHalfCpltCallbackCh1	16	static
main.c:1135:6:HAL_ADC_ConvCpltCallback	16	static
main.c:1141:6:HAL_ADC_ConvHalfCpltCallback	16	static
main.c:1154:6:Error_Handler	8	static
